// Jest Snapshot v1, https://goo.gl/fbAQLP

exports[`.sanitizeForecast 2`] = `
Array [
  Object {
    "datetime": 2021-09-24T06:00:00.000Z,
    "iconId": "p3j",
    "perceivedTemperature": 10.1,
    "temperature": 10.1,
    "weatherDescription": "Very cloudy",
  },
  Object {
    "datetime": 2021-09-24T07:00:00.000Z,
    "iconId": "p2j",
    "perceivedTemperature": 13,
    "temperature": 13,
    "weatherDescription": "Cloudy",
  },
  Object {
    "datetime": 2021-09-24T08:00:00.000Z,
    "iconId": "p2j",
    "perceivedTemperature": 17.3,
    "temperature": 15.9,
    "weatherDescription": "Cloudy",
  },
  Object {
    "datetime": 2021-09-24T09:00:00.000Z,
    "iconId": "p2j",
    "perceivedTemperature": 20.6,
    "temperature": 18.8,
    "weatherDescription": "Cloudy",
  },
  Object {
    "datetime": 2021-09-24T10:00:00.000Z,
    "iconId": "p1j",
    "perceivedTemperature": 22.1,
    "temperature": 20,
    "weatherDescription": "Sunny",
  },
  Object {
    "datetime": 2021-09-24T11:00:00.000Z,
    "iconId": "p1j",
    "perceivedTemperature": 23.5,
    "temperature": 21.2,
    "weatherDescription": "Sunny",
  },
  Object {
    "datetime": 2021-09-24T12:00:00.000Z,
    "iconId": "p1j",
    "perceivedTemperature": 25,
    "temperature": 22.4,
    "weatherDescription": "Sunny",
  },
  Object {
    "datetime": 2021-09-24T13:00:00.000Z,
    "iconId": "p1j",
    "perceivedTemperature": 25.3,
    "temperature": 22.8,
    "weatherDescription": "Sunny",
  },
  Object {
    "datetime": 2021-09-24T14:00:00.000Z,
    "iconId": "p1j",
    "perceivedTemperature": 25.5,
    "temperature": 23.3,
    "weatherDescription": "Sunny",
  },
  Object {
    "datetime": 2021-09-24T15:00:00.000Z,
    "iconId": "p1j",
    "perceivedTemperature": 25.8,
    "temperature": 23.7,
    "weatherDescription": "Sunny",
  },
  Object {
    "datetime": 2021-09-24T16:00:00.000Z,
    "iconId": "p1j",
    "perceivedTemperature": 23.9,
    "temperature": 22,
    "weatherDescription": "Sunny",
  },
  Object {
    "datetime": 2021-09-24T17:00:00.000Z,
    "iconId": "p1j",
    "perceivedTemperature": 22,
    "temperature": 20.3,
    "weatherDescription": "Sunny",
  },
  Object {
    "datetime": 2021-09-24T18:00:00.000Z,
    "iconId": "p1j",
    "perceivedTemperature": 20.1,
    "temperature": 18.5,
    "weatherDescription": "Sunny",
  },
  Object {
    "datetime": 2021-09-24T19:00:00.000Z,
    "iconId": "p1n",
    "perceivedTemperature": 18.7,
    "temperature": 17.2,
    "weatherDescription": "Clear night",
  },
  Object {
    "datetime": 2021-09-24T20:00:00.000Z,
    "iconId": "p1n",
    "perceivedTemperature": 17.2,
    "temperature": 15.9,
    "weatherDescription": "Clear night",
  },
  Object {
    "datetime": 2021-09-24T21:00:00.000Z,
    "iconId": "p1n",
    "perceivedTemperature": 14.5,
    "temperature": 14.5,
    "weatherDescription": "Clear night",
  },
  Object {
    "datetime": 2021-09-24T22:00:00.000Z,
    "iconId": "p1n",
    "perceivedTemperature": 14.1,
    "temperature": 14.1,
    "weatherDescription": "Clear night",
  },
  Object {
    "datetime": 2021-09-24T23:00:00.000Z,
    "iconId": "p1n",
    "perceivedTemperature": 13.6,
    "temperature": 13.6,
    "weatherDescription": "Clear night",
  },
  Object {
    "datetime": 2021-09-25T00:00:00.000Z,
    "iconId": "p1n",
    "perceivedTemperature": 13.1,
    "temperature": 13.1,
    "weatherDescription": "Clear night",
  },
  Object {
    "datetime": 2021-09-25T01:00:00.000Z,
    "iconId": "p1n",
    "perceivedTemperature": 12.7,
    "temperature": 12.7,
    "weatherDescription": "Clear night",
  },
  Object {
    "datetime": 2021-09-25T02:00:00.000Z,
    "iconId": "p1n",
    "perceivedTemperature": 12.4,
    "temperature": 12.4,
    "weatherDescription": "Clear night",
  },
  Object {
    "datetime": 2021-09-25T03:00:00.000Z,
    "iconId": "p1n",
    "perceivedTemperature": 11.8,
    "temperature": 12.1,
    "weatherDescription": "Clear night",
  },
  Object {
    "datetime": 2021-09-25T04:00:00.000Z,
    "iconId": "p2n",
    "perceivedTemperature": 11.9,
    "temperature": 12.1,
    "weatherDescription": "Cloudy",
  },
  Object {
    "datetime": 2021-09-25T05:00:00.000Z,
    "iconId": "p2n",
    "perceivedTemperature": 12.1,
    "temperature": 12.2,
    "weatherDescription": "Cloudy",
  },
  Object {
    "datetime": 2021-09-25T06:00:00.000Z,
    "iconId": "p2j",
    "perceivedTemperature": 12.3,
    "temperature": 12.3,
    "weatherDescription": "Cloudy",
  },
  Object {
    "datetime": 2021-09-25T07:00:00.000Z,
    "iconId": "p1j",
    "perceivedTemperature": 14.8,
    "temperature": 14.8,
    "weatherDescription": "Sunny",
  },
  Object {
    "datetime": 2021-09-25T08:00:00.000Z,
    "iconId": "p1j",
    "perceivedTemperature": 20,
    "temperature": 17.4,
    "weatherDescription": "Sunny",
  },
  Object {
    "datetime": 2021-09-25T09:00:00.000Z,
    "iconId": "p1j",
    "perceivedTemperature": 22.9,
    "temperature": 20,
    "weatherDescription": "Sunny",
  },
  Object {
    "datetime": 2021-09-25T10:00:00.000Z,
    "iconId": "p2j",
    "perceivedTemperature": 24.7,
    "temperature": 21.4,
    "weatherDescription": "Cloudy",
  },
  Object {
    "datetime": 2021-09-25T11:00:00.000Z,
    "iconId": "p2j",
    "perceivedTemperature": 26.6,
    "temperature": 22.9,
    "weatherDescription": "Cloudy",
  },
  Object {
    "datetime": 2021-09-25T12:00:00.000Z,
    "iconId": "p2j",
    "perceivedTemperature": 28.4,
    "temperature": 24.3,
    "weatherDescription": "Cloudy",
  },
  Object {
    "datetime": 2021-09-25T13:00:00.000Z,
    "iconId": "p2j",
    "perceivedTemperature": 29.1,
    "temperature": 24.6,
    "weatherDescription": "Cloudy",
  },
  Object {
    "datetime": 2021-09-25T14:00:00.000Z,
    "iconId": "p2j",
    "perceivedTemperature": 29.9,
    "temperature": 24.8,
    "weatherDescription": "Cloudy",
  },
  Object {
    "datetime": 2021-09-25T15:00:00.000Z,
    "iconId": "p2j",
    "perceivedTemperature": 30.6,
    "temperature": 25.1,
    "weatherDescription": "Cloudy",
  },
  Object {
    "datetime": 2021-09-25T16:00:00.000Z,
    "iconId": "p2j",
    "perceivedTemperature": 29.5,
    "temperature": 23.6,
    "weatherDescription": "Cloudy",
  },
  Object {
    "datetime": 2021-09-25T17:00:00.000Z,
    "iconId": "p2j",
    "perceivedTemperature": 28.2,
    "temperature": 22.2,
    "weatherDescription": "Cloudy",
  },
  Object {
    "datetime": 2021-09-25T18:00:00.000Z,
    "iconId": "p2n",
    "perceivedTemperature": 26.8,
    "temperature": 20.7,
    "weatherDescription": "Cloudy",
  },
  Object {
    "datetime": 2021-09-25T19:00:00.000Z,
    "iconId": "p26n",
    "perceivedTemperature": 25.3,
    "temperature": 19.6,
    "weatherDescription": "Risk of storms",
  },
  Object {
    "datetime": 2021-09-25T20:00:00.000Z,
    "iconId": "p26n",
    "perceivedTemperature": 23.7,
    "temperature": 18.6,
    "weatherDescription": "Risk of storms",
  },
  Object {
    "datetime": 2021-09-25T21:00:00.000Z,
    "iconId": "p26n",
    "perceivedTemperature": 22.2,
    "temperature": 17.5,
    "weatherDescription": "Risk of storms",
  },
  Object {
    "datetime": 2021-09-25T22:00:00.000Z,
    "iconId": "p26n",
    "perceivedTemperature": 21.5,
    "temperature": 17.1,
    "weatherDescription": "Risk of storms",
  },
  Object {
    "datetime": 2021-09-25T23:00:00.000Z,
    "iconId": "p26n",
    "perceivedTemperature": 20.9,
    "temperature": 16.7,
    "weatherDescription": "Risk of storms",
  },
  Object {
    "datetime": 2021-09-26T00:00:00.000Z,
    "iconId": "p26n",
    "perceivedTemperature": 20.2,
    "temperature": 16.3,
    "weatherDescription": "Risk of storms",
  },
  Object {
    "datetime": 2021-09-26T03:00:00.000Z,
    "iconId": "p13bisn",
    "perceivedTemperature": 18.2,
    "temperature": 15.3,
    "weatherDescription": "Few showers",
  },
  Object {
    "datetime": 2021-09-26T06:00:00.000Z,
    "iconId": "p13bisn",
    "perceivedTemperature": 19.6,
    "temperature": 15.8,
    "weatherDescription": "Few showers",
  },
  Object {
    "datetime": 2021-09-26T09:00:00.000Z,
    "iconId": "p16j",
    "perceivedTemperature": 23.9,
    "temperature": 18.6,
    "weatherDescription": "Stormy rain",
  },
  Object {
    "datetime": 2021-09-26T12:00:00.000Z,
    "iconId": "p16j",
    "perceivedTemperature": 25.1,
    "temperature": 19.3,
    "weatherDescription": "Stormy rain",
  },
  Object {
    "datetime": 2021-09-26T15:00:00.000Z,
    "iconId": "p14bisj",
    "perceivedTemperature": 25.2,
    "temperature": 20.1,
    "weatherDescription": "Showers",
  },
  Object {
    "datetime": 2021-09-26T18:00:00.000Z,
    "iconId": "p14bisj",
    "perceivedTemperature": 21.7,
    "temperature": 17.4,
    "weatherDescription": "Showers",
  },
  Object {
    "datetime": 2021-09-26T21:00:00.000Z,
    "iconId": "p12bisn",
    "perceivedTemperature": 14.8,
    "temperature": 14.8,
    "weatherDescription": "Few showers",
  },
  Object {
    "datetime": 2021-09-27T00:00:00.000Z,
    "iconId": "p12bisn",
    "perceivedTemperature": 13.8,
    "temperature": 13.6,
    "weatherDescription": "Few showers",
  },
  Object {
    "datetime": 2021-09-27T03:00:00.000Z,
    "iconId": "p4n",
    "perceivedTemperature": 13,
    "temperature": 13,
    "weatherDescription": "Hazy sky",
  },
  Object {
    "datetime": 2021-09-27T06:00:00.000Z,
    "iconId": "p4n",
    "perceivedTemperature": 12.3,
    "temperature": 12.4,
    "weatherDescription": "Hazy sky",
  },
  Object {
    "datetime": 2021-09-27T09:00:00.000Z,
    "iconId": "p4j",
    "perceivedTemperature": 20.1,
    "temperature": 16.7,
    "weatherDescription": "Hazy sky",
  },
  Object {
    "datetime": 2021-09-27T12:00:00.000Z,
    "iconId": "p4j",
    "perceivedTemperature": 25.2,
    "temperature": 20.9,
    "weatherDescription": "Hazy sky",
  },
  Object {
    "datetime": 2021-09-27T15:00:00.000Z,
    "iconId": "p4j",
    "perceivedTemperature": 23.4,
    "temperature": 19.5,
    "weatherDescription": "Hazy sky",
  },
  Object {
    "datetime": 2021-09-27T18:00:00.000Z,
    "iconId": "p4j",
    "perceivedTemperature": 21.5,
    "temperature": 18.2,
    "weatherDescription": "Hazy sky",
  },
  Object {
    "datetime": 2021-09-28T00:00:00.000Z,
    "iconId": "p12n",
    "perceivedTemperature": 13.6,
    "temperature": 13.6,
    "weatherDescription": "Scattered rain",
  },
  Object {
    "datetime": 2021-09-28T06:00:00.000Z,
    "iconId": "p12n",
    "perceivedTemperature": 11.8,
    "temperature": 11.8,
    "weatherDescription": "Scattered rain",
  },
  Object {
    "datetime": 2021-09-28T12:00:00.000Z,
    "iconId": "p2j",
    "perceivedTemperature": 18.8,
    "temperature": 18.8,
    "weatherDescription": "Cloudy",
  },
  Object {
    "datetime": 2021-09-28T18:00:00.000Z,
    "iconId": "p12bisj",
    "perceivedTemperature": 15.9,
    "temperature": 15.9,
    "weatherDescription": "Few showers",
  },
  Object {
    "datetime": 2021-09-29T00:00:00.000Z,
    "iconId": "p12bisn",
    "perceivedTemperature": 12.3,
    "temperature": 12.3,
    "weatherDescription": "Few showers",
  },
  Object {
    "datetime": 2021-09-29T06:00:00.000Z,
    "iconId": "p14bisn",
    "perceivedTemperature": 11.4,
    "temperature": 11.4,
    "weatherDescription": "Showers",
  },
  Object {
    "datetime": 2021-09-29T12:00:00.000Z,
    "iconId": "p14bisj",
    "perceivedTemperature": 17.2,
    "temperature": 17.2,
    "weatherDescription": "Showers",
  },
  Object {
    "datetime": 2021-09-29T18:00:00.000Z,
    "iconId": "p14bisj",
    "perceivedTemperature": 14.4,
    "temperature": 14.4,
    "weatherDescription": "Showers",
  },
  Object {
    "datetime": 2021-09-30T00:00:00.000Z,
    "iconId": "p14bisn",
    "perceivedTemperature": 11.1,
    "temperature": 11.1,
    "weatherDescription": "Showers",
  },
  Object {
    "datetime": 2021-09-30T06:00:00.000Z,
    "iconId": "p2n",
    "perceivedTemperature": 9.3,
    "temperature": 9.3,
    "weatherDescription": "Cloudy",
  },
  Object {
    "datetime": 2021-09-30T12:00:00.000Z,
    "iconId": "p2j",
    "perceivedTemperature": 15.01,
    "temperature": 15,
    "weatherDescription": "Cloudy",
  },
  Object {
    "datetime": 2021-09-30T18:00:00.000Z,
    "iconId": "p2j",
    "perceivedTemperature": 12.9,
    "temperature": 12.9,
    "weatherDescription": "Cloudy",
  },
  Object {
    "datetime": 2021-10-01T00:00:00.000Z,
    "iconId": "p2n",
    "perceivedTemperature": 9.9,
    "temperature": 9.9,
    "weatherDescription": "Cloudy",
  },
  Object {
    "datetime": 2021-10-01T06:00:00.000Z,
    "iconId": "p14bisn",
    "perceivedTemperature": 8.4,
    "temperature": 8.4,
    "weatherDescription": "Showers",
  },
  Object {
    "datetime": 2021-10-01T12:00:00.000Z,
    "iconId": "p14bisj",
    "perceivedTemperature": 15.8,
    "temperature": 15.8,
    "weatherDescription": "Showers",
  },
  Object {
    "datetime": 2021-10-01T18:00:00.000Z,
    "iconId": "p14bisj",
    "perceivedTemperature": 13.9,
    "temperature": 13.9,
    "weatherDescription": "Showers",
  },
  Object {
    "datetime": 2021-10-02T00:00:00.000Z,
    "iconId": "p14bisn",
    "perceivedTemperature": 10.4,
    "temperature": 10.4,
    "weatherDescription": "Showers",
  },
  Object {
    "datetime": 2021-10-02T06:00:00.000Z,
    "iconId": "p14bisn",
    "perceivedTemperature": 9,
    "temperature": 9,
    "weatherDescription": "Showers",
  },
  Object {
    "datetime": 2021-10-02T12:00:00.000Z,
    "iconId": "p14bisj",
    "perceivedTemperature": 15.5,
    "temperature": 15.5,
    "weatherDescription": "Showers",
  },
  Object {
    "datetime": 2021-10-02T18:00:00.000Z,
    "iconId": "p14bisj",
    "perceivedTemperature": 13.3,
    "temperature": 13.3,
    "weatherDescription": "Showers",
  },
  Object {
    "datetime": 2021-10-03T00:00:00.000Z,
    "iconId": "p14bisn",
    "perceivedTemperature": 10.1,
    "temperature": 10.1,
    "weatherDescription": "Showers",
  },
]
`;

exports[`.sanitizeForecast 3`] = `
Array [
  Object {
    "datetime": 2021-09-24T00:00:00.000Z,
    "iconId": "p1j",
    "temperature": Object {
      "max": 24.4,
      "min": 9.7,
    },
    "weatherDescription": "Sunny",
  },
  Object {
    "datetime": 2021-09-25T00:00:00.000Z,
    "iconId": "p2j",
    "temperature": Object {
      "max": 26,
      "min": 10.7,
    },
    "weatherDescription": "Cloudy",
  },
  Object {
    "datetime": 2021-09-26T00:00:00.000Z,
    "iconId": "p16j",
    "temperature": Object {
      "max": 21.1,
      "min": 14,
    },
    "weatherDescription": "Stormy rain",
  },
  Object {
    "datetime": 2021-09-27T00:00:00.000Z,
    "iconId": "p4j",
    "temperature": Object {
      "max": 22.6,
      "min": 10.8,
    },
    "weatherDescription": "Hazy sky",
  },
  Object {
    "datetime": 2021-09-28T00:00:00.000Z,
    "iconId": "p12bisj",
    "temperature": Object {
      "max": 20.8,
      "min": 10.9,
    },
    "weatherDescription": "Few showers",
  },
  Object {
    "datetime": 2021-09-29T00:00:00.000Z,
    "iconId": "p14bisj",
    "temperature": Object {
      "max": 18.7,
      "min": 10.1,
    },
    "weatherDescription": "Showers",
  },
  Object {
    "datetime": 2021-09-30T00:00:00.000Z,
    "iconId": "p2j",
    "temperature": Object {
      "max": 16.5,
      "min": 8.2,
    },
    "weatherDescription": "Cloudy",
  },
  Object {
    "datetime": 2021-10-01T00:00:00.000Z,
    "iconId": "p14bisj",
    "temperature": Object {
      "max": 17.1,
      "min": 7.3,
    },
    "weatherDescription": "Showers",
  },
  Object {
    "datetime": 2021-10-02T00:00:00.000Z,
    "iconId": "p14bisj",
    "temperature": Object {
      "max": 17,
      "min": 7.8,
    },
    "weatherDescription": "Showers",
  },
  Object {
    "datetime": 2021-10-03T00:00:00.000Z,
    "iconId": "p14j",
    "temperature": Object {
      "max": 18.1,
      "min": 7.7,
    },
    "weatherDescription": "Rain",
  },
  Object {
    "datetime": 2021-10-04T00:00:00.000Z,
    "iconId": "p2j",
    "temperature": Object {
      "max": 19.5,
      "min": 7.2,
    },
    "weatherDescription": "Cloudy",
  },
  Object {
    "datetime": 2021-10-05T00:00:00.000Z,
    "iconId": "p1j",
    "temperature": Object {
      "max": 19.2,
      "min": 7.5,
    },
    "weatherDescription": "Sunny",
  },
  Object {
    "datetime": 2021-10-06T00:00:00.000Z,
    "iconId": "p2j",
    "temperature": Object {
      "max": 19.1,
      "min": 7.8,
    },
    "weatherDescription": "Cloudy",
  },
  Object {
    "datetime": 2021-10-07T00:00:00.000Z,
    "iconId": "p2j",
    "temperature": Object {
      "max": 18.7,
      "min": 7.3,
    },
    "weatherDescription": "Cloudy",
  },
]
`;
